============================= test session starts =============================
platform win32 -- Python 3.14.3, pytest-9.0.2, pluggy-1.6.0
rootdir: C:\Users\Asus\.gemini\antigravity\scratch\deterministic-agent-framework
collected 8 items

tests\test_agent.py FFFFFFFF                                             [100%]

================================== FAILURES ===================================
__________ TestDeterministicAgent.test_determinism_same_input_twice ___________

self = <tests.test_agent.TestDeterministicAgent testMethod=test_determinism_same_input_twice>

    def test_determinism_same_input_twice(self):
        input_data = {
            "user_id": "determinist",
            "task_type": "SUM_NUMBERS",
            "payload": {
                "numbers": [10, 20, 30]
            }
        }
    
        output1 = self.agent.process(input_data)
        output2 = self.agent.process(input_data)
    
        # Python dictionary comparison is exact
        self.assertEqual(output1, output2)
>       self.assertEqual(output1["status"], "success")
E       AssertionError: 'error' != 'success'
E       - error
E       + success

tests\test_agent.py:103: AssertionError
___________ TestDeterministicAgent.test_invalid_schema_extra_field ____________

self = <tests.test_agent.TestDeterministicAgent testMethod=test_invalid_schema_extra_field>

    def test_invalid_schema_extra_field(self):
        # Schema enforces additionalProperties: false
        input_data = {
            "user_id": "test_user",
            "task_type": "ECHO",
            "payload": {},
            "extra_field": "not allowed"
        }
    
        output = self.agent.process(input_data)
    
        self.assertEqual(output["status"], "error")
        self.assertIn("result", output)
>       self.assertEqual(output["result"]["type"], "ValidationError")
E       AssertionError: '_RefResolutionError' != 'ValidationError'
E       - _RefResolutionError
E       + ValidationError

tests\test_agent.py:72: AssertionError
_____________ TestDeterministicAgent.test_missing_required_field ______________

self = <tests.test_agent.TestDeterministicAgent testMethod=test_missing_required_field>

    def test_missing_required_field(self):
        # Missing 'user_id'
        input_data = {
            "task_type": "ECHO",
            "payload": {}
        }
    
        output = self.agent.process(input_data)
    
        self.assertEqual(output["status"], "error")
        self.assertIn("result", output)
>       self.assertEqual(output["result"]["type"], "ValidationError")
E       AssertionError: '_RefResolutionError' != 'ValidationError'
E       - _RefResolutionError
E       + ValidationError

tests\test_agent.py:85: AssertionError
______ TestDeterministicAgent.test_registry_returns_fresh_tool_instances ______

self = <tests.test_agent.TestDeterministicAgent testMethod=test_registry_returns_fresh_tool_instances>

    def test_registry_returns_fresh_tool_instances(self):
        # Ensure tool registry does not reuse instances (stateless tool execution)
>       tool1 = self.agent.registry.resolve("ECHO")
                ^^^^^^^^^^^^^^^^^^^
E       AttributeError: 'DeterministicAgent' object has no attribute 'registry'

tests\test_agent.py:121: AttributeError
______________ TestDeterministicAgent.test_unsupported_task_type ______________

self = <tests.test_agent.TestDeterministicAgent testMethod=test_unsupported_task_type>

    def test_unsupported_task_type(self):
        input_data = {
            "user_id": "test_user",
            "task_type": "RANDOM_TASK",
            "payload": {}
        }
    
        output = self.agent.process(input_data)
    
        self.assertEqual(output["status"], "error")
        self.assertIn("result", output)
>       self.assertEqual(output["result"]["message"], "Unsupported task type")
E       AssertionError: "<urlopen error [WinError 3] The system c[164 chars]on'>" != 'Unsupported task type'
E       - <urlopen error [WinError 3] The system cannot find the path specified: 'C:\\Users\\Asus\\.gemini\\antigravity\\scratch\\deterministic-agent-framework\\contracts\\schemas\\input_schema.json'>
E       + Unsupported task type

tests\test_agent.py:117: AssertionError
________________ TestDeterministicAgent.test_valid_input_echo _________________

self = <tests.test_agent.TestDeterministicAgent testMethod=test_valid_input_echo>

    def test_valid_input_echo(self):
        input_data = {
            "user_id": "test_user",
            "task_type": "ECHO",
            "payload": {
                "message": "Hello World"
            }
        }
    
        output = self.agent.process(input_data)
    
>       self.assertEqual(output["status"], "success")
E       AssertionError: 'error' != 'success'
E       - error
E       + success

tests\test_agent.py:25: AssertionError
_____________ TestDeterministicAgent.test_valid_input_sum_numbers _____________

self = <tests.test_agent.TestDeterministicAgent testMethod=test_valid_input_sum_numbers>

    def test_valid_input_sum_numbers(self):
        input_data = {
            "user_id": "test_user",
            "task_type": "SUM_NUMBERS",
            "payload": {
                "numbers": [1, 2, 3, 4, 5]
            }
        }
    
        output = self.agent.process(input_data)
    
>       self.assertEqual(output["status"], "success")
E       AssertionError: 'error' != 'success'
E       - error
E       + success

tests\test_agent.py:42: AssertionError
___________ TestDeterministicAgent.test_valid_input_uppercase_text ____________

self = <tests.test_agent.TestDeterministicAgent testMethod=test_valid_input_uppercase_text>

    def test_valid_input_uppercase_text(self):
        input_data = {
            "user_id": "test_user",
            "task_type": "UPPERCASE_TEXT",
            "payload": {
                "text": "hello determinism"
            }
        }
    
        output = self.agent.process(input_data)
    
>       self.assertEqual(output["status"], "success")
E       AssertionError: 'error' != 'success'
E       - error
E       + success

tests\test_agent.py:56: AssertionError
============================== warnings summary ===============================
agent\deterministic_agent.py:5
agent\deterministic_agent.py:5
  C:\Users\Asus\.gemini\antigravity\scratch\deterministic-agent-framework\agent\deterministic_agent.py:5: DeprecationWarning: jsonschema.RefResolver is deprecated as of v4.18.0, in favor of the https://github.com/python-jsonschema/referencing library, which provides more compliant referencing behavior as well as more flexible APIs for customization. A future release will remove RefResolver. Please file a feature request (on referencing) if you are missing an API for the kind of customization you need.
    from jsonschema import RefResolver

-- Docs: https://docs.pytest.org/en/stable/how-to/capture-warnings.html
=========================== short test summary info ===========================
FAILED tests/test_agent.py::TestDeterministicAgent::test_determinism_same_input_twice
FAILED tests/test_agent.py::TestDeterministicAgent::test_invalid_schema_extra_field
FAILED tests/test_agent.py::TestDeterministicAgent::test_missing_required_field
FAILED tests/test_agent.py::TestDeterministicAgent::test_registry_returns_fresh_tool_instances
FAILED tests/test_agent.py::TestDeterministicAgent::test_unsupported_task_type
FAILED tests/test_agent.py::TestDeterministicAgent::test_valid_input_echo - A...
FAILED tests/test_agent.py::TestDeterministicAgent::test_valid_input_sum_numbers
FAILED tests/test_agent.py::TestDeterministicAgent::test_valid_input_uppercase_text
======================== 8 failed, 2 warnings in 0.21s ========================
